    Updating crates.io index
     Locking 5 packages to latest compatible versions
   Compiling compiler_builtins v0.1.160 (/home/jules/.rustup/toolchains/nightly-x86_64-unknown-linux-gnu/lib/rustlib/src/rust/library/compiler-builtins/compiler-builtins)
   Compiling core v0.0.0 (/home/jules/.rustup/toolchains/nightly-x86_64-unknown-linux-gnu/lib/rustlib/src/rust/library/core)
   Compiling alloc v0.0.0 (/home/jules/.rustup/toolchains/nightly-x86_64-unknown-linux-gnu/lib/rustlib/src/rust/library/alloc)
   Compiling atom_abi v0.1.0 (/app/shared/abi)
   Compiling bitflags v2.11.0
   Compiling atom_syscall v0.1.0 (/app/userspace/libs/syscall)
warning: unused import: `SyscallResult`
 --> /app/userspace/libs/syscall/src/cap.rs:3:20
  |
3 | use crate::error::{SyscallResult};
  |                    ^^^^^^^^^^^^^
  |
  = note: `#[warn(unused_imports)]` (part of `#[warn(unused)]`) on by default

   Compiling libipc v0.1.0 (/app/userspace/libs/libipc)
warning: `atom_syscall` (lib) generated 1 warning (run `cargo fix --lib -p atom_syscall` to apply 1 suggestion)
   Compiling libnet v0.1.0 (/app/userspace/libs/libnet)
   Compiling timesync v0.1.0 (/app/userspace/apps/timesync)
    Finished `release` profile [optimized] target(s) in 27.15s
