   Compiling compiler_builtins v0.1.160 (/Users/fpedrolucas95/.rustup/toolchains/nightly-aarch64-apple-darwin/lib/rustlib/src/rust/library/compiler-builtins/compiler-builtins)
   Compiling core v0.0.0 (/Users/fpedrolucas95/.rustup/toolchains/nightly-aarch64-apple-darwin/lib/rustlib/src/rust/library/core)
   Compiling alloc v0.0.0 (/Users/fpedrolucas95/.rustup/toolchains/nightly-aarch64-apple-darwin/lib/rustlib/src/rust/library/alloc)
   Compiling atom_abi v0.1.0 (/Users/fpedrolucas95/Documents/GitHub/Atom/shared/abi)
   Compiling atom_syscall v0.1.0 (/Users/fpedrolucas95/Documents/GitHub/Atom/userspace/libs/syscall)
warning: unused import: `ToString`
  --> /Users/fpedrolucas95/Documents/GitHub/Atom/userspace/libs/syscall/src/fs.rs:26:29
   |
26 | use alloc::string::{String, ToString};
   |                             ^^^^^^^^
   |
   = note: `#[warn(unused_imports)]` (part of `#[warn(unused)]`) on by default

warning: unused variable: `tag`
  --> /Users/fpedrolucas95/Documents/GitHub/Atom/userspace/libs/syscall/src/debug.rs:16:19
   |
16 | pub fn log_tagged(tag: &str, message: &str) {
   |                   ^^^ help: if this is intentional, prefix it with an underscore: `_tag`
   |
   = note: `#[warn(unused_variables)]` (part of `#[warn(unused)]`) on by default

warning: creating a mutable reference to mutable static
   --> /Users/fpedrolucas95/Documents/GitHub/Atom/userspace/libs/syscall/src/input.rs:234:13
    |
234 |             DRIVER.init();
    |             ^^^^^^^^^^^^^ mutable reference to mutable static
    |
    = note: for more information, see <https://doc.rust-lang.org/edition-guide/rust-2024/static-mut-references.html>
    = note: mutable references to mutable statics are dangerous; it's undefined behavior if any other pointer to the static is used or if any other reference is created for the static while the mutable reference lives
    = note: `#[warn(static_mut_refs)]` (part of `#[warn(rust_2024_compatibility)]`) on by default

warning: creating a mutable reference to mutable static
   --> /Users/fpedrolucas95/Documents/GitHub/Atom/userspace/libs/syscall/src/input.rs:237:9
    |
237 |         DRIVER.poll_event().map(|e| (e.dx, e.dy))
    |         ^^^^^^^^^^^^^^^^^^^ mutable reference to mutable static
    |
    = note: for more information, see <https://doc.rust-lang.org/edition-guide/rust-2024/static-mut-references.html>
    = note: mutable references to mutable statics are dangerous; it's undefined behavior if any other pointer to the static is used or if any other reference is created for the static while the mutable reference lives

   Compiling libipc v0.1.0 (/Users/fpedrolucas95/Documents/GitHub/Atom/userspace/libs/libipc)
warning: unused import: `alloc::vec::Vec`
  --> /Users/fpedrolucas95/Documents/GitHub/Atom/userspace/libs/libipc/src/lib.rs:30:5
   |
30 | use alloc::vec::Vec;
   |     ^^^^^^^^^^^^^^^
   |
   = note: `#[warn(unused_imports)]` (part of `#[warn(unused)]`) on by default

warning: `atom_syscall` (lib) generated 4 warnings (run `cargo fix --lib -p atom_syscall` to apply 2 suggestions)
warning: `libipc` (lib) generated 1 warning (run `cargo fix --lib -p libipc` to apply 1 suggestion)
   Compiling fileman v0.1.0 (/Users/fpedrolucas95/Documents/GitHub/Atom/userspace/apps/fileman)
warning: unused import: `ToString`
  --> src/main.rs:17:29
   |
17 | use alloc::string::{String, ToString};
   |                             ^^^^^^^^
   |
   = note: `#[warn(unused_imports)]` (part of `#[warn(unused)]`) on by default

warning: unused import: `core::arch::asm`
  --> src/main.rs:24:5
   |
24 | use core::arch::asm;
   |     ^^^^^^^^^^^^^^^

warning: unused variable: `col_date_x`
   --> src/main.rs:767:13
    |
767 |         let col_date_x = sw.saturating_sub(40);...
    |             ^^^^^^^^^^ help: if this is intentional, prefix it with an underscore: `_col_date_x`
    |
    = note: `#[warn(unused_variables)]` (part of `#[warn(unused)]`) on by default

warning: associated constant `HOVER_BG` is never used
   --> src/main.rs:117:11
    |
110 | impl Theme {
    | ---------- associated constant in this implementation
...
117 |     const HOVER_BG:    Color = Color::new(42, 4...
    |           ^^^^^^^^
    |
    = note: `#[warn(dead_code)]` (part of `#[warn(unused)]`) on by default

warning: variants `InvalidCommand`, `IO`, `InvalidPath`, and `CrossDevice` are never constructed
  --> src/error.rs:15:5
   |
11 | pub enum FilManagerError {
   |          --------------- variants in this enum
...
15 |     InvalidCommand(CommandError),
   |     ^^^^^^^^^^^^^^
16 |     /// I/O error during read/write
17 |     IO,
   |     ^^
...
21 |     InvalidPath,
   |     ^^^^^^^^^^^
22 |     /// Copy/move across filesystems not supported
23 |     CrossDevice,
   |     ^^^^^^^^^^^
   |
   = note: `FilManagerError` has derived impls for the traits `Clone` and `Debug`, but these are intentionally ignored during dead code analysis

warning: variants `WrongArgCount`, `UnknownCommand`, `MissingArg`, and `ConflictingOptions` are never constructed
  --> src/error.rs:29:5
   |
27 | pub enum CommandError {
   |          ------------ variants in this enum
28 |     /// Wrong number of arguments
29 |     WrongArgCount { expected: usize, got: usize },
   |     ^^^^^^^^^^^^^
30 |     /// Unknown command
31 |     UnknownCommand(usize), // stores length of c...
   |     ^^^^^^^^^^^^^^
32 |     /// Missing required argument
33 |     MissingArg(&'static str),
   |     ^^^^^^^^^^
34 |     /// Conflicting options
35 |     ConflictingOptions,
   |     ^^^^^^^^^^^^^^^^^^
   |
   = note: `CommandError` has derived impls for the traits `Clone` and `Debug`, but these are intentionally ignored during dead code analysis

warning: method `exit_code` is never used
  --> src/error.rs:45:12
   |
38 | impl FilManagerError {
   | -------------------- method in this implementation
...
45 |     pub fn exit_code(&self) -> u32 {
   |            ^^^^^^^^^

warning: function `normalize_path` is never used
   --> src/error.rs:160:8
    |
160 | pub fn normalize_path(path: &str) -> Result<all...
    |        ^^^^^^^^^^^^^^

warning: variants `WriteOnly` and `ReadWrite` are never constructed
  --> src/fs.rs:16:5
   |
14 | pub enum FileMode {
   |          -------- variants in this enum
15 |     ReadOnly,
16 |     WriteOnly,
   |     ^^^^^^^^^
17 |     ReadWrite,
   |     ^^^^^^^^^
   |
   = note: `FileMode` has derived impls for the traits `Clone` and `Debug`, but these are intentionally ignored during dead code analysis

warning: associated items `create`, `read_all`, `write`, `seek`, `stat`, and `fd` are never used
   --> src/fs.rs:47:12
    |
 35 | impl File {
    | --------- associated items in this implementation
...
 47 |     pub fn create(path: &str) -> Result<Self> {
    |            ^^^^^^
...
 69 |     pub fn read_all(&mut self) -> Result<Vec<u8...
    |            ^^^^^^^^
...
 87 |     pub fn write(&mut self, buf: &[u8]) -> Resu...
    |            ^^^^^
...
 93 |     pub fn seek(&mut self, offset: i64, whence:...
    |            ^^^^
...
 99 |     pub fn stat(&self) -> Result<fs::FsStat> {
    |            ^^^^
...
104 |     pub fn fd(&self) -> u64 {
    |            ^^

warning: field `position` is never read
   --> src/fs.rs:120:5
    |
116 | pub struct Dir {
    |            --- field in this struct
...
120 |     position: usize,
    |     ^^^^^^^^

warning: methods `path` and `fd` are never used
   --> src/fs.rs:189:12
    |
123 | impl Dir {
    | -------- methods in this implementation
...
189 |     pub fn path(&self) -> &str {
    |            ^^^^
...
193 |     pub fn fd(&self) -> u64 {
    |            ^^

warning: field `mode` is never read
   --> src/fs.rs:208:9
    |
204 | pub struct DirEntry {
    |            -------- field in this struct
...
208 |     pub mode: u32,
    |         ^^^^

warning: methods `is_file`, `is_symlink`, `type_char`, `size_string`, and `mode_string` are never used
   --> src/fs.rs:216:12
    |
211 | impl DirEntry {
    | ------------- methods in this implementation
...
216 |     pub fn is_file(&self) -> bool {
    |            ^^^^^^^
...
220 |     pub fn is_symlink(&self) -> bool {
    |            ^^^^^^^^^^
...
224 |     pub fn type_char(&self) -> char {
    |            ^^^^^^^^^
...
237 |     pub fn size_string(&self) -> String {
    |            ^^^^^^^^^^^
...
245 |     pub fn mode_string(&self) -> String {
    |            ^^^^^^^^^^^

warning: function `format_size` is never used
   --> src/fs.rs:251:4
    |
251 | fn format_size(bytes: u64) -> String {
    |    ^^^^^^^^^^^

warning: associated functions `exists` and `is_file` are never used
   --> src/fs.rs:277:12
    |
275 | impl FsQuery {
    | ------------ associated functions in this implementation
276 |     /// Check if path exists
277 |     pub fn exists(path: &str) -> Result<bool> {
    |            ^^^^^^
...
311 |     pub fn is_file(path: &str) -> Result<bool> {
    |            ^^^^^^^

warning: `fileman` (bin "fileman") generated 16 warnings (run `cargo fix --bin "fileman" -p fileman` to apply 3 suggestions)
    Finished `release` profile [optimized] target(s) in 5.87s
