warning: unused variable: `tag`
  --> userspace/libs/syscall/src/debug.rs:16:19
   |
16 | pub fn log_tagged(tag: &str, message: &str) {
   |                   ^^^ help: if this is intentional, prefix it with an underscore: `_tag`
   |
   = note: `#[warn(unused_variables)]` (part of `#[warn(unused)]`) on by default

warning: creating a mutable reference to mutable static
   --> userspace/libs/syscall/src/input.rs:143:14
    |
143 |     unsafe { DRIVER.poll() }
    |              ^^^^^^^^^^^^^ mutable reference to mutable static
    |
    = note: for more information, see <https://doc.rust-lang.org/edition-guide/rust-2024/static-mut-references.html>
    = note: mutable references to mutable statics are dangerous; it's undefined behavior if any other pointer to the static is used or if any other reference is created for the static while the mutable reference lives
    = note: `#[warn(static_mut_refs)]` (part of `#[warn(rust_2024_compatibility)]`) on by default

warning: `atom_syscall` (lib) generated 2 warnings (run `cargo fix --lib -p atom_syscall` to apply 1 suggestion)
warning: unused import: `alloc::vec::Vec`
  --> userspace/libs/libipc/src/lib.rs:30:5
   |
30 | use alloc::vec::Vec;
   |     ^^^^^^^^^^^^^^^
   |
   = note: `#[warn(unused_imports)]` (part of `#[warn(unused)]`) on by default

warning: `libipc` (lib) generated 1 warning (run `cargo fix --lib -p libipc` to apply 1 suggestion)
warning: creating a mutable reference to mutable static
   --> userspace/services/namesvc/src/main.rs:312:39
    |
312 |                 let result = unsafe { REGISTRY.register(name, port) };
    |                                       ^^^^^^^^^^^^^^^^^^^^^^^^^^^^^ mutable reference to mutable static
    |
    = note: for more information, see <https://doc.rust-lang.org/edition-guide/rust-2024/static-mut-references.html>
    = note: mutable references to mutable statics are dangerous; it's undefined behavior if any other pointer to the static is used or if any other reference is created for the static while the mutable reference lives
    = note: `#[warn(static_mut_refs)]` (part of `#[warn(rust_2024_compatibility)]`) on by default

warning: creating a mutable reference to mutable static
   --> userspace/services/namesvc/src/main.rs:323:40
    |
323 |                 let success = unsafe { REGISTRY.unregister(name) };
    |                                        ^^^^^^^^^^^^^^^^^^^^^^^^^ mutable reference to mutable static
    |
    = note: for more information, see <https://doc.rust-lang.org/edition-guide/rust-2024/static-mut-references.html>
    = note: mutable references to mutable statics are dangerous; it's undefined behavior if any other pointer to the static is used or if any other reference is created for the static while the mutable reference lives

warning: creating a shared reference to mutable static
   --> userspace/services/namesvc/src/main.rs:335:32
    |
335 |                 match unsafe { REGISTRY.lookup(name) } {
    |                                ^^^^^^^^^^^^^^^^^^^^^ shared reference to mutable static
    |
    = note: for more information, see <https://doc.rust-lang.org/edition-guide/rust-2024/static-mut-references.html>
    = note: shared references to mutable statics are dangerous; it's undefined behavior if the static is mutated or if a mutable reference is created for it while the shared reference lives

warning: creating a shared reference to mutable static
   --> userspace/services/namesvc/src/main.rs:344:36
    |
344 |             let entries = unsafe { REGISTRY.list() };
    |                                    ^^^^^^^^^^^^^^^ shared reference to mutable static
    |
    = note: for more information, see <https://doc.rust-lang.org/edition-guide/rust-2024/static-mut-references.html>
    = note: shared references to mutable statics are dangerous; it's undefined behavior if the static is mutated or if a mutable reference is created for it while the shared reference lives

warning: creating a mutable reference to mutable static
   --> userspace/services/namesvc/src/main.rs:374:17
    |
374 |         let _ = REGISTRY.register("namesvc", port);
    |                 ^^^^^^^^^^^^^^^^^^^^^^^^^^^^^^^^^^ mutable reference to mutable static
    |
    = note: for more information, see <https://doc.rust-lang.org/edition-guide/rust-2024/static-mut-references.html>
    = note: mutable references to mutable statics are dangerous; it's undefined behavior if any other pointer to the static is used or if any other reference is created for the static while the mutable reference lives

warning: `namesvc` (bin "namesvc") generated 5 warnings
    Finished `release` profile [optimized] target(s) in 0.07s
