warning: unused variable: `tag`
  --> /app/userspace/libs/syscall/src/debug.rs:16:19
   |
16 | pub fn log_tagged(tag: &str, message: &str) {
   |                   ^^^ help: if this is intentional, prefix it with an underscore: `_tag`
   |
   = note: `#[warn(unused_variables)]` (part of `#[warn(unused)]`) on by default

warning: creating a mutable reference to mutable static
   --> /app/userspace/libs/syscall/src/input.rs:143:14
    |
143 |     unsafe { DRIVER.poll() }
    |              ^^^^^^^^^^^^^ mutable reference to mutable static
    |
    = note: for more information, see <https://doc.rust-lang.org/edition-guide/rust-2024/static-mut-references.html>
    = note: mutable references to mutable statics are dangerous; it's undefined behavior if any other pointer to the static is used or if any other reference is created for the static while the mutable reference lives
    = note: `#[warn(static_mut_refs)]` (part of `#[warn(rust_2024_compatibility)]`) on by default

warning: `atom_syscall` (lib) generated 2 warnings (run `cargo fix --lib -p atom_syscall` to apply 1 suggestion)
   Compiling libipc v0.1.0 (/app/userspace/libs/libipc)
warning: unused import: `alloc::vec::Vec`
  --> /app/userspace/libs/libipc/src/lib.rs:30:5
   |
30 | use alloc::vec::Vec;
   |     ^^^^^^^^^^^^^^^
   |
   = note: `#[warn(unused_imports)]` (part of `#[warn(unused)]`) on by default

warning: `libipc` (lib) generated 1 warning (run `cargo fix --lib -p libipc` to apply 1 suggestion)
   Compiling service_manager v0.1.0 (/app/userspace/services/service_manager)
warning: associated items `from_u8` and `as_str` are never used
   --> src/main.rs:107:8
    |
106 | impl ServiceState {
    | ----------------- associated items in this implementation
107 |     fn from_u8(v: u8) -> Option<Self> {
    |        ^^^^^^^
...
119 |     fn as_str(&self) -> &'static str {
    |        ^^^^^^
    |
    = note: `#[warn(dead_code)]` (part of `#[warn(unused)]`) on by default

warning: method `find_by_pid` is never used
   --> src/main.rs:219:8
    |
197 | impl ServiceRegistry {
    | -------------------- method in this implementation
...
219 |     fn find_by_pid(&self, pid: u64) -> Option<usize> {
    |        ^^^^^^^^^^^

warning: creating a shared reference to mutable static
   --> src/main.rs:302:15
    |
302 |         match REGISTRY.find(name) {
    |               ^^^^^^^^^^^^^^^^^^^ shared reference to mutable static
    |
    = note: for more information, see <https://doc.rust-lang.org/edition-guide/rust-2024/static-mut-references.html>
    = note: shared references to mutable statics are dangerous; it's undefined behavior if the static is mutated or if a mutable reference is created for it while the shared reference lives
    = note: `#[warn(static_mut_refs)]` (part of `#[warn(rust_2024_compatibility)]`) on by default

warning: creating a mutable reference to mutable static
   --> src/main.rs:304:21
    |
304 |             None => REGISTRY.register(name, RestartPolicy::OnCrash)?,
    |                     ^^^^^^^^^^^^^^^^^^^^^^^^^^^^^^^^^^^^^^^^^^^^^^^ mutable reference to mutable static
    |
    = note: for more information, see <https://doc.rust-lang.org/edition-guide/rust-2024/static-mut-references.html>
    = note: mutable references to mutable statics are dangerous; it's undefined behavior if any other pointer to the static is used or if any other reference is created for the static while the mutable reference lives

warning: creating a mutable reference to mutable static
   --> src/main.rs:308:24
    |
308 |     let svc = unsafe { REGISTRY.get_mut(idx).unwrap() };
    |                        ^^^^^^^^^^^^^^^^^^^^^ mutable reference to mutable static
    |
    = note: for more information, see <https://doc.rust-lang.org/edition-guide/rust-2024/static-mut-references.html>
    = note: mutable references to mutable statics are dangerous; it's undefined behavior if any other pointer to the static is used or if any other reference is created for the static while the mutable reference lives

warning: creating a shared reference to mutable static
   --> src/main.rs:338:9
    |
338 |         REGISTRY.find(name).ok_or("not found")?
    |         ^^^^^^^^^^^^^^^^^^^ shared reference to mutable static
    |
    = note: for more information, see <https://doc.rust-lang.org/edition-guide/rust-2024/static-mut-references.html>
    = note: shared references to mutable statics are dangerous; it's undefined behavior if the static is mutated or if a mutable reference is created for it while the shared reference lives

warning: creating a mutable reference to mutable static
   --> src/main.rs:341:24
    |
341 |     let svc = unsafe { REGISTRY.get_mut(idx).unwrap() };
    |                        ^^^^^^^^^^^^^^^^^^^^^ mutable reference to mutable static
    |
    = note: for more information, see <https://doc.rust-lang.org/edition-guide/rust-2024/static-mut-references.html>
    = note: mutable references to mutable statics are dangerous; it's undefined behavior if any other pointer to the static is used or if any other reference is created for the static while the mutable reference lives

warning: creating a mutable reference to mutable static
   --> src/main.rs:364:20
    |
364 |         for svc in REGISTRY.services.iter_mut() {
    |                    ^^^^^^^^^^^^^^^^^^^^^^^^^^^^ mutable reference to mutable static
    |
    = note: for more information, see <https://doc.rust-lang.org/edition-guide/rust-2024/static-mut-references.html>
    = note: mutable references to mutable statics are dangerous; it's undefined behavior if any other pointer to the static is used or if any other reference is created for the static while the mutable reference lives

warning: creating a shared reference to mutable static
   --> src/main.rs:553:37
    |
553 |             let services = unsafe { REGISTRY.list() };
    |                                     ^^^^^^^^^^^^^^^ shared reference to mutable static
    |
    = note: for more information, see <https://doc.rust-lang.org/edition-guide/rust-2024/static-mut-references.html>
    = note: shared references to mutable statics are dangerous; it's undefined behavior if the static is mutated or if a mutable reference is created for it while the shared reference lives

warning: creating a shared reference to mutable static
   --> src/main.rs:558:45
    |
558 |                 if let Some(idx) = unsafe { REGISTRY.find(name) } {
    |                                             ^^^^^^^^^^^^^^^^^^^ shared reference to mutable static
    |
    = note: for more information, see <https://doc.rust-lang.org/edition-guide/rust-2024/static-mut-references.html>
    = note: shared references to mutable statics are dangerous; it's undefined behavior if the static is mutated or if a mutable reference is created for it while the shared reference lives

warning: creating a shared reference to mutable static
   --> src/main.rs:559:40
    |
559 |                     let svc = unsafe { REGISTRY.get(idx).unwrap() };
    |                                        ^^^^^^^^^^^^^^^^^ shared reference to mutable static
    |
    = note: for more information, see <https://doc.rust-lang.org/edition-guide/rust-2024/static-mut-references.html>
    = note: shared references to mutable statics are dangerous; it's undefined behavior if the static is mutated or if a mutable reference is created for it while the shared reference lives

warning: creating a shared reference to mutable static
   --> src/main.rs:570:45
    |
570 |                 if let Some(idx) = unsafe { REGISTRY.find(name) } {
    |                                             ^^^^^^^^^^^^^^^^^^^ shared reference to mutable static
    |
    = note: for more information, see <https://doc.rust-lang.org/edition-guide/rust-2024/static-mut-references.html>
    = note: shared references to mutable statics are dangerous; it's undefined behavior if the static is mutated or if a mutable reference is created for it while the shared reference lives

warning: creating a mutable reference to mutable static
   --> src/main.rs:571:40
    |
571 |                     let svc = unsafe { REGISTRY.get_mut(idx).unwrap() };
    |                                        ^^^^^^^^^^^^^^^^^^^^^ mutable reference to mutable static
    |
    = note: for more information, see <https://doc.rust-lang.org/edition-guide/rust-2024/static-mut-references.html>
    = note: mutable references to mutable statics are dangerous; it's undefined behavior if any other pointer to the static is used or if any other reference is created for the static while the mutable reference lives

warning: creating a mutable reference to mutable static
   --> src/main.rs:609:21
    |
609 |             let _ = REGISTRY.register(name, RestartPolicy::OnCrash);
    |                     ^^^^^^^^^^^^^^^^^^^^^^^^^^^^^^^^^^^^^^^^^^^^^^^ mutable reference to mutable static
    |
    = note: for more information, see <https://doc.rust-lang.org/edition-guide/rust-2024/static-mut-references.html>
    = note: mutable references to mutable statics are dangerous; it's undefined behavior if any other pointer to the static is used or if any other reference is created for the static while the mutable reference lives

warning: `service_manager` (bin "service_manager") generated 14 warnings
    Finished `release` profile [optimized] target(s) in 0.91s
